// Jest Snapshot v1, https://goo.gl/fbAQLP

exports[`intro should render correctly 1`] = `
<RCTImageSequence
  framesPerSecond={24}
  images={
    Array [
      Object {
        "__packager_asset": true,
        "height": 100,
        "scale": 2,
        "uri": "assets/full/path/to/directory/icon@2x.png",
        "width": 100,
      },
      Object {
        "__packager_asset": true,
        "height": 100,
        "scale": 2,
        "uri": "assets/full/path/to/directory/icon@2x.png",
        "width": 100,
      },
      Object {
        "__packager_asset": true,
        "height": 100,
        "scale": 2,
        "uri": "assets/full/path/to/directory/icon@2x.png",
        "width": 100,
      },
      Object {
        "__packager_asset": true,
        "height": 100,
        "scale": 2,
        "uri": "assets/full/path/to/directory/icon@2x.png",
        "width": 100,
      },
      Object {
        "__packager_asset": true,
        "height": 100,
        "scale": 2,
        "uri": "assets/full/path/to/directory/icon@2x.png",
        "width": 100,
      },
      Object {
        "__packager_asset": true,
        "height": 100,
        "scale": 2,
        "uri": "assets/full/path/to/directory/icon@2x.png",
        "width": 100,
      },
      Object {
        "__packager_asset": true,
        "height": 100,
        "scale": 2,
        "uri": "assets/full/path/to/directory/icon@2x.png",
        "width": 100,
      },
      Object {
        "__packager_asset": true,
        "height": 100,
        "scale": 2,
        "uri": "assets/full/path/to/directory/icon@2x.png",
        "width": 100,
      },
      Object {
        "__packager_asset": true,
        "height": 100,
        "scale": 2,
        "uri": "assets/full/path/to/directory/icon@2x.png",
        "width": 100,
      },
      Object {
        "__packager_asset": true,
        "height": 100,
        "scale": 2,
        "uri": "assets/full/path/to/directory/icon@2x.png",
        "width": 100,
      },
      Object {
        "__packager_asset": true,
        "height": 100,
        "scale": 2,
        "uri": "assets/full/path/to/directory/icon@2x.png",
        "width": 100,
      },
      Object {
        "__packager_asset": true,
        "height": 100,
        "scale": 2,
        "uri": "assets/full/path/to/directory/icon@2x.png",
        "width": 100,
      },
      Object {
        "__packager_asset": true,
        "height": 100,
        "scale": 2,
        "uri": "assets/full/path/to/directory/icon@2x.png",
        "width": 100,
      },
      Object {
        "__packager_asset": true,
        "height": 100,
        "scale": 2,
        "uri": "assets/full/path/to/directory/icon@2x.png",
        "width": 100,
      },
      Object {
        "__packager_asset": true,
        "height": 100,
        "scale": 2,
        "uri": "assets/full/path/to/directory/icon@2x.png",
        "width": 100,
      },
      Object {
        "__packager_asset": true,
        "height": 100,
        "scale": 2,
        "uri": "assets/full/path/to/directory/icon@2x.png",
        "width": 100,
      },
      Object {
        "__packager_asset": true,
        "height": 100,
        "scale": 2,
        "uri": "assets/full/path/to/directory/icon@2x.png",
        "width": 100,
      },
      Object {
        "__packager_asset": true,
        "height": 100,
        "scale": 2,
        "uri": "assets/full/path/to/directory/icon@2x.png",
        "width": 100,
      },
      Object {
        "__packager_asset": true,
        "height": 100,
        "scale": 2,
        "uri": "assets/full/path/to/directory/icon@2x.png",
        "width": 100,
      },
      Object {
        "__packager_asset": true,
        "height": 100,
        "scale": 2,
        "uri": "assets/full/path/to/directory/icon@2x.png",
        "width": 100,
      },
      Object {
        "__packager_asset": true,
        "height": 100,
        "scale": 2,
        "uri": "assets/full/path/to/directory/icon@2x.png",
        "width": 100,
      },
      Object {
        "__packager_asset": true,
        "height": 100,
        "scale": 2,
        "uri": "assets/full/path/to/directory/icon@2x.png",
        "width": 100,
      },
      Object {
        "__packager_asset": true,
        "height": 100,
        "scale": 2,
        "uri": "assets/full/path/to/directory/icon@2x.png",
        "width": 100,
      },
      Object {
        "__packager_asset": true,
        "height": 100,
        "scale": 2,
        "uri": "assets/full/path/to/directory/icon@2x.png",
        "width": 100,
      },
      Object {
        "__packager_asset": true,
        "height": 100,
        "scale": 2,
        "uri": "assets/full/path/to/directory/icon@2x.png",
        "width": 100,
      },
      Object {
        "__packager_asset": true,
        "height": 100,
        "scale": 2,
        "uri": "assets/full/path/to/directory/icon@2x.png",
        "width": 100,
      },
      Object {
        "__packager_asset": true,
        "height": 100,
        "scale": 2,
        "uri": "assets/full/path/to/directory/icon@2x.png",
        "width": 100,
      },
      Object {
        "__packager_asset": true,
        "height": 100,
        "scale": 2,
        "uri": "assets/full/path/to/directory/icon@2x.png",
        "width": 100,
      },
      Object {
        "__packager_asset": true,
        "height": 100,
        "scale": 2,
        "uri": "assets/full/path/to/directory/icon@2x.png",
        "width": 100,
      },
      Object {
        "__packager_asset": true,
        "height": 100,
        "scale": 2,
        "uri": "assets/full/path/to/directory/icon@2x.png",
        "width": 100,
      },
      Object {
        "__packager_asset": true,
        "height": 100,
        "scale": 2,
        "uri": "assets/full/path/to/directory/icon@2x.png",
        "width": 100,
      },
      Object {
        "__packager_asset": true,
        "height": 100,
        "scale": 2,
        "uri": "assets/full/path/to/directory/icon@2x.png",
        "width": 100,
      },
      Object {
        "__packager_asset": true,
        "height": 100,
        "scale": 2,
        "uri": "assets/full/path/to/directory/icon@2x.png",
        "width": 100,
      },
      Object {
        "__packager_asset": true,
        "height": 100,
        "scale": 2,
        "uri": "assets/full/path/to/directory/icon@2x.png",
        "width": 100,
      },
      Object {
        "__packager_asset": true,
        "height": 100,
        "scale": 2,
        "uri": "assets/full/path/to/directory/icon@2x.png",
        "width": 100,
      },
      Object {
        "__packager_asset": true,
        "height": 100,
        "scale": 2,
        "uri": "assets/full/path/to/directory/icon@2x.png",
        "width": 100,
      },
      Object {
        "__packager_asset": true,
        "height": 100,
        "scale": 2,
        "uri": "assets/full/path/to/directory/icon@2x.png",
        "width": 100,
      },
      Object {
        "__packager_asset": true,
        "height": 100,
        "scale": 2,
        "uri": "assets/full/path/to/directory/icon@2x.png",
        "width": 100,
      },
      Object {
        "__packager_asset": true,
        "height": 100,
        "scale": 2,
        "uri": "assets/full/path/to/directory/icon@2x.png",
        "width": 100,
      },
      Object {
        "__packager_asset": true,
        "height": 100,
        "scale": 2,
        "uri": "assets/full/path/to/directory/icon@2x.png",
        "width": 100,
      },
      Object {
        "__packager_asset": true,
        "height": 100,
        "scale": 2,
        "uri": "assets/full/path/to/directory/icon@2x.png",
        "width": 100,
      },
      Object {
        "__packager_asset": true,
        "height": 100,
        "scale": 2,
        "uri": "assets/full/path/to/directory/icon@2x.png",
        "width": 100,
      },
      Object {
        "__packager_asset": true,
        "height": 100,
        "scale": 2,
        "uri": "assets/full/path/to/directory/icon@2x.png",
        "width": 100,
      },
      Object {
        "__packager_asset": true,
        "height": 100,
        "scale": 2,
        "uri": "assets/full/path/to/directory/icon@2x.png",
        "width": 100,
      },
      Object {
        "__packager_asset": true,
        "height": 100,
        "scale": 2,
        "uri": "assets/full/path/to/directory/icon@2x.png",
        "width": 100,
      },
      Object {
        "__packager_asset": true,
        "height": 100,
        "scale": 2,
        "uri": "assets/full/path/to/directory/icon@2x.png",
        "width": 100,
      },
      Object {
        "__packager_asset": true,
        "height": 100,
        "scale": 2,
        "uri": "assets/full/path/to/directory/icon@2x.png",
        "width": 100,
      },
      Object {
        "__packager_asset": true,
        "height": 100,
        "scale": 2,
        "uri": "assets/full/path/to/directory/icon@2x.png",
        "width": 100,
      },
      Object {
        "__packager_asset": true,
        "height": 100,
        "scale": 2,
        "uri": "assets/full/path/to/directory/icon@2x.png",
        "width": 100,
      },
      Object {
        "__packager_asset": true,
        "height": 100,
        "scale": 2,
        "uri": "assets/full/path/to/directory/icon@2x.png",
        "width": 100,
      },
      Object {
        "__packager_asset": true,
        "height": 100,
        "scale": 2,
        "uri": "assets/full/path/to/directory/icon@2x.png",
        "width": 100,
      },
      Object {
        "__packager_asset": true,
        "height": 100,
        "scale": 2,
        "uri": "assets/full/path/to/directory/icon@2x.png",
        "width": 100,
      },
      Object {
        "__packager_asset": true,
        "height": 100,
        "scale": 2,
        "uri": "assets/full/path/to/directory/icon@2x.png",
        "width": 100,
      },
      Object {
        "__packager_asset": true,
        "height": 100,
        "scale": 2,
        "uri": "assets/full/path/to/directory/icon@2x.png",
        "width": 100,
      },
      Object {
        "__packager_asset": true,
        "height": 100,
        "scale": 2,
        "uri": "assets/full/path/to/directory/icon@2x.png",
        "width": 100,
      },
      Object {
        "__packager_asset": true,
        "height": 100,
        "scale": 2,
        "uri": "assets/full/path/to/directory/icon@2x.png",
        "width": 100,
      },
      Object {
        "__packager_asset": true,
        "height": 100,
        "scale": 2,
        "uri": "assets/full/path/to/directory/icon@2x.png",
        "width": 100,
      },
      Object {
        "__packager_asset": true,
        "height": 100,
        "scale": 2,
        "uri": "assets/full/path/to/directory/icon@2x.png",
        "width": 100,
      },
      Object {
        "__packager_asset": true,
        "height": 100,
        "scale": 2,
        "uri": "assets/full/path/to/directory/icon@2x.png",
        "width": 100,
      },
      Object {
        "__packager_asset": true,
        "height": 100,
        "scale": 2,
        "uri": "assets/full/path/to/directory/icon@2x.png",
        "width": 100,
      },
      Object {
        "__packager_asset": true,
        "height": 100,
        "scale": 2,
        "uri": "assets/full/path/to/directory/icon@2x.png",
        "width": 100,
      },
      Object {
        "__packager_asset": true,
        "height": 100,
        "scale": 2,
        "uri": "assets/full/path/to/directory/icon@2x.png",
        "width": 100,
      },
      Object {
        "__packager_asset": true,
        "height": 100,
        "scale": 2,
        "uri": "assets/full/path/to/directory/icon@2x.png",
        "width": 100,
      },
    ]
  }
  startFrameIndex={0}
  style={
    Object {
      "height": 300,
      "width": 300,
    }
  }
/>
`;
